Microchip MPLAB XC8 Compiler V3.00

Linker command line:

-W-3 \
  --edf=C:\Program Files\Microchip\xc8\v3.00\pic\dat\20241204225717_en.msgs \
  -cn -h+dist/default/production\Washing_machine.X.production.sym \
  --cmf=dist/default/production\Washing_machine.X.production.cmf -z \
  -Q16F877A -oC:\Users\LOKESH.T\AppData\Local\Temp\xcAsugg.\driver_tmp_3.o \
  --defsym=__MPLAB_BUILD=1 --fixupoverflow=error \
  -Mdist/default/production/Washing_machine.X.production.map \
  --md=C:\Users\LOKESH.T\AppData\Local\Temp\xcAsugg.\driver_tmp_0.dat -E1 \
  -ver=XC8 Compiler -ACODE=00h-07FFhx4 -ASTRCODE=00h-01FFFh \
  -ASTRING=00h-0FFhx32 -ACONST=00h-0FFhx32 -AENTRY=00h-0FFhx32 \
  -ACOMMON=070h-07Fh -ABANK0=020h-06Fh -ABANK1=0A0h-0EFh \
  -ABANK2=0110h-016Fh -ABANK3=0190h-01EFh \
  -ARAM=020h-06Fh,0A0h-0EFh,0110h-016Fh,0190h-01EFh \
  -AABS1=020h-07Fh,0A0h-0EFh,0110h-016Fh,0190h-01EFh -ASFR0=00h-01Fh \
  -ASFR1=080h-09Fh -ASFR2=0100h-010Fh -ASFR3=0180h-018Fh \
  -ACONFIG=02007h-02007h -DCONFIG=2 -AIDLOC=02000h-02003h -DIDLOC=2 \
  -AEEDATA=00h-0FFh/02100h -peeprom_data=EEDATA -DEEDATA=2 -DCODE=2 \
  -DSTRCODE=2 -DSTRING=2 -DCONST=2 -DENTRY=2 \
  -preset_vec=00h,intentry=04h,sivt,init,end_init -ppowerup=CODE \
  -pcinit=CODE -pfunctab=ENTRY -k \
  C:\Users\LOKESH.T\AppData\Local\Temp\xcAsugg.\driver_tmp_12.o \
  dist/default/production\Washing_machine.X.production.o 

Object code version is 3.11

Machine type is 16F877A



                Name                               Link     Load   Length Selector   Space Scale
C:\Users\LOKESH.T\AppData\Local\Temp\xcAsugg.\driver_tmp_12.o
                end_init                              C        C        3        8       0
                reset_vec                             0        0        3        0       0
                config                             2007     2007        1        0       4
dist/default/production\Washing_machine.X.production.o
                cinit                                 F        F       37        8       0
                intentry                              4        4        8        8       0
                config                             2007     2007        1        0       4
                text27                             15DC     15DC       4D     2BB8       0
                text26                             154D     154D       20     2A9A       0
                text25                             1629     1629       57     2C52       0
                text24                             14DC     14DC        B     29B8       0
                text23                             14CD     14CD        6     299A       0
                text22                             14D3     14D3        9     29A6       0
                text21                             1533     1533       1A     2A66       0
                text20                              812      812       33     1024       0
                text19                             151E     151E       15     2A3C       0
                text18                             1798     1798       68     2F30       0
                text17                              845      845       6E     108A       0
                text16                             1735     1735       63     2E6A       0
                text15                             1680     1680       57     2D00       0
                text14                             14F8     14F8       13     29F0       0
                text13                              9C9      9C9       A4     1392       0
                text12                             15B3     15B3       29     2B66       0
                text11                              404      404      342        8       0
                text10                              DB0      DB0      250     1B60       0
                text9                              158F     158F       24     2B1E       0
                text8                               8B3      8B3       76     1166       0
                text7                               746      746       B6        8       0
                text6                              14E7     14E7       11     29CE       0
                text5                              16D7     16D7       5E     2DAE       0
                text4                                46       46      3BE        8       0
                text3                               C6F      C6F      141     18DE       0
                text2                               B6A      B6A      105     16D4       0
                text1                               929      929       A0     1252       0
                maintext                            A6D      A6D       FD     14DA       0
                cstackBANK0                          20       20       44       20       1
                cstackCOMMON                         70       70        A       70       1
                inittext                           150B     150B       13     2A16       0
                dataBANK1                            A0       A0       22       A0       1
                bssBANK1                             C2       C2        4       A0       1
                dataBANK0                            6D       6D        3       20       1
                bssBANK0                             64       64        9       20       1
                dataCOMMON                           7B       7B        1       70       1
                bssCOMMON                            7A       7A        1       70       1
                stringtext                         1000     1000      16F       20       0
                strings                             800      800       12     1000       0
                idataBANK1                         156D     156D       22     2ADA       0
                idataBANK0                          7FC      7FC        3        8       0
                idataCOMMON                         7FF      7FF        1        8       0

TOTAL           Name                               Link     Load   Length     Space
        CLASS   CODE           
                end_init                              C        C        3         0
                cinit                                 F        F       37         0
                intentry                              4        4        8         0
                reset_vec                             0        0        3         0
                text27                             15DC     15DC       4D         0
                text26                             154D     154D       20         0
                text25                             1629     1629       57         0
                text24                             14DC     14DC        B         0
                text23                             14CD     14CD        6         0
                text22                             14D3     14D3        9         0
                text21                             1533     1533       1A         0
                text20                              812      812       33         0
                text19                             151E     151E       15         0
                text18                             1798     1798       68         0
                text17                              845      845       6E         0
                text16                             1735     1735       63         0
                text15                             1680     1680       57         0
                text14                             14F8     14F8       13         0
                text13                              9C9      9C9       A4         0
                text12                             15B3     15B3       29         0
                text11                              404      404      342         0
                text10                              DB0      DB0      250         0
                text9                              158F     158F       24         0
                text8                               8B3      8B3       76         0
                text7                               746      746       B6         0
                text6                              14E7     14E7       11         0
                text5                              16D7     16D7       5E         0
                text4                                46       46      3BE         0
                text3                               C6F      C6F      141         0
                text2                               B6A      B6A      105         0
                text1                               929      929       A0         0
                maintext                            A6D      A6D       FD         0
                inittext                           150B     150B       13         0
                idataBANK1                         156D     156D       22         0
                idataBANK0                          7FC      7FC        3         0
                idataCOMMON                         7FF      7FF        1         0

        CLASS   STRCODE        
                stringtext                         1000     1000      16F         0

        CLASS   STRING         
                strings                             800      800       12         0

        CLASS   CONST          

        CLASS   ENTRY          

        CLASS   COMMON         
                cstackCOMMON                         70       70        A         1
                dataCOMMON                           7B       7B        1         1
                bssCOMMON                            7A       7A        1         1

        CLASS   BANK0          
                cstackBANK0                          20       20       44         1
                dataBANK0                            6D       6D        3         1
                bssBANK0                             64       64        9         1

        CLASS   BANK1          
                dataBANK1                            A0       A0       22         1
                bssBANK1                             C2       C2        4         1

        CLASS   BANK2          

        CLASS   BANK3          

        CLASS   RAM            

        CLASS   ABS1           
                abs_s1                               7E       7E        2         1

        CLASS   SFR0           

        CLASS   SFR1           

        CLASS   SFR2           

        CLASS   SFR3           

        CLASS   CONFIG         
                config                             2007     2007        1         4

        CLASS   IDLOC          

        CLASS   EEDATA         

        CLASS   HEAP           

        CLASS   STACK          



SEGMENTS        Name                           Load    Length   Top    Selector   Space  Class     Delta

                reset_vec                      000000  000003  000003         0       0  CODE        2
                intentry                       000004  0007FC  000800         8       0  CODE        2
                cstackBANK0                    000020  000050  000070        20       1  BANK0       1
                cstackCOMMON                   000070  00000C  00007C        70       1  COMMON      1
                dataBANK1                      0000A0  000026  0000C6        A0       1  BANK1       1
                strings                        000800  000012  000812      1000       0  STRING      2
                text20                         000812  000033  000845      1024       0  CODE        2
                text17                         000845  00006E  0008B3      108A       0  CODE        2
                text8                          0008B3  000076  000929      1166       0  CODE        2
                text1                          000929  0000A0  0009C9      1252       0  CODE        2
                text13                         0009C9  0000A4  000A6D      1392       0  CODE        2
                maintext                       000A6D  0000FD  000B6A      14DA       0  CODE        2
                text2                          000B6A  000105  000C6F      16D4       0  CODE        2
                text3                          000C6F  000141  000DB0      18DE       0  CODE        2
                text10                         000DB0  000250  001000      1B60       0  CODE        2
                stringtext                     001000  00016F  00116F        20       0  STRCODE     2
                text23                         0014CD  000006  0014D3      299A       0  CODE        2
                text22                         0014D3  000009  0014DC      29A6       0  CODE        2
                text24                         0014DC  00000B  0014E7      29B8       0  CODE        2
                text6                          0014E7  000011  0014F8      29CE       0  CODE        2
                text14                         0014F8  000013  00150B      29F0       0  CODE        2
                inittext                       00150B  000013  00151E      2A16       0  CODE        2
                text19                         00151E  000015  001533      2A3C       0  CODE        2
                text21                         001533  00001A  00154D      2A66       0  CODE        2
                text26                         00154D  000020  00156D      2A9A       0  CODE        2
                idataBANK1                     00156D  000022  00158F      2ADA       0  CODE        2
                text9                          00158F  000024  0015B3      2B1E       0  CODE        2
                text12                         0015B3  000029  0015DC      2B66       0  CODE        2
                text27                         0015DC  00004D  001629      2BB8       0  CODE        2
                text25                         001629  000057  001680      2C52       0  CODE        2
                text15                         001680  000057  0016D7      2D00       0  CODE        2
                text5                          0016D7  00005E  001735      2DAE       0  CODE        2
                text16                         001735  000063  001798      2E6A       0  CODE        2
                text18                         001798  000068  001800      2F30       0  CODE        2


UNUSED ADDRESS RANGES

        Name                Unused          Largest block    Delta
        BANK1            00C6-00EF             2A           1
        BANK2            0110-016F             60           1
        BANK3            0190-01EF             60           1
        CODE             0003-0003              1           2
                         116F-14CC            35E
                         1800-1FFF            800
        COMMON           007C-007D              2           1
        CONST            0003-0003              1           2
                         116F-14CC            100
                         1800-1FFF            100
        EEDATA           2100-21FF            100           2
        ENTRY            0003-0003              1           2
                         116F-14CC            100
                         1800-1FFF            100
        IDLOC            2000-2003              4           2
        RAM              00C6-00EF             2A           1
                         0110-016F             60
                         0190-01EF             60
        SFR0             0000-001F             20           1
        SFR1             0080-009F             20           1
        SFR2             0100-010F             10           1
        SFR3             0180-018F             10           1
        STRCODE          0003-0003              1           2
                         116F-14CC            35E
                         1800-1FFF            800
        STRING           0003-0003              1           2
                         116F-14CC            100
                         1800-1FFF            100

                                  Symbol Table

?__Umul8_16                      cstackCOMMON 0072
?___awdiv                        cstackCOMMON 0072
?___awmod                        cstackCOMMON 0072
?___fladd                        cstackCOMMON 0072
?___flmul                        cstackBANK0  0026
?___flsub                        cstackBANK0  0040
?___fltol                        cstackBANK0  0040
?___xxtofl                       cstackCOMMON 0072
_GIE                             (abs)        005F
_PEIE                            (abs)        005E
_PORTB                           (abs)        0006
_PORTD                           (abs)        0008
_PR2                             (abs)        0092
_RB0                             (abs)        0030
_RC1                             (abs)        0039
_RC2                             (abs)        003A
_RE1                             (abs)        0049
_RE2                             (abs)        004A
_TMR2IE                          (abs)        0461
_TMR2IF                          (abs)        0061
_TMR2ON                          (abs)        0092
_TRISB                           (abs)        0086
_TRISC1                          (abs)        0439
_TRISC2                          (abs)        043A
_TRISD                           (abs)        0088
_TRISE1                          (abs)        0449
_TRISE2                          (abs)        044A
__H__absolute__                  __absolute__ 0000
__Habs1                          abs1         0000
__Hbank0                         bank0        0000
__Hbank1                         bank1        0000
__Hbank2                         bank2        0000
__Hbank3                         bank3        0000
__HbssBANK0                      bssBANK0     0000
__HbssBANK1                      bssBANK1     0000
__HbssCOMMON                     bssCOMMON    0000
__Hcinit                         cinit        0046
__Hclrtext                       clrtext      0000
__Hcode                          code         0000
__Hcommon                        common       0000
__Hconfig                        config       2008
__HcstackBANK0                   cstackBANK0  0000
__HcstackCOMMON                  cstackCOMMON 0000
__HdataBANK0                     dataBANK0    0000
__HdataBANK1                     dataBANK1    0000
__HdataCOMMON                    dataCOMMON   0000
__Heeprom_data                   eeprom_data  0000
__Hend_init                      end_init     000F
__Hfunctab                       functab      0000
__Hheap                          heap         0000
__HidataBANK0                    idataBANK0   0000
__HidataBANK1                    idataBANK1   0000
__HidataCOMMON                   idataCOMMON  0000
__Hinit                          init         000C
__Hinittext                      inittext     0000
__Hintentry                      intentry     000C
__Hmaintext                      maintext     0000
__Hpowerup                       powerup      0000
__Hram                           ram          0000
__Hreset_vec                     reset_vec    0003
__Hsfr0                          sfr0         0000
__Hsfr1                          sfr1         0000
__Hsfr2                          sfr2         0000
__Hsfr3                          sfr3         0000
__Hsivt                          sivt         000C
__Hspace_0                       (abs)        1800
__Hspace_1                       (abs)        00C6
__Hspace_2                       (abs)        0000
__Hspace_3                       (abs)        0000
__Hspace_4                       (abs)        400F
__Hstack                         stack        0000
__Hstrings                       strings      0000
__Hstringtext                    stringtext   0000
__Htext                          text         0000
__L__absolute__                  __absolute__ 0000
__Labs1                          abs1         0000
__Lbank0                         bank0        0000
__Lbank1                         bank1        0000
__Lbank2                         bank2        0000
__Lbank3                         bank3        0000
__LbssBANK0                      bssBANK0     0000
__LbssBANK1                      bssBANK1     0000
__LbssCOMMON                     bssCOMMON    0000
__Lcinit                         cinit        000F
__Lclrtext                       clrtext      0000
__Lcode                          code         0000
__Lcommon                        common       0000
__Lconfig                        config       0000
__LcstackBANK0                   cstackBANK0  0000
__LcstackCOMMON                  cstackCOMMON 0000
__LdataBANK0                     dataBANK0    0000
__LdataBANK1                     dataBANK1    0000
__LdataCOMMON                    dataCOMMON   0000
__Leeprom_data                   eeprom_data  0000
__Lend_init                      end_init     000C
__Lfunctab                       functab      0000
__Lheap                          heap         0000
__LidataBANK0                    idataBANK0   0000
__LidataBANK1                    idataBANK1   0000
__LidataCOMMON                   idataCOMMON  0000
__Linit                          init         000C
__Linittext                      inittext     0000
__Lintentry                      intentry     0004
__Lmaintext                      maintext     0000
__Lpowerup                       powerup      0000
__Lram                           ram          0000
__Lreset_vec                     reset_vec    0000
__Lsfr0                          sfr0         0000
__Lsfr1                          sfr1         0000
__Lsfr2                          sfr2         0000
__Lsfr3                          sfr3         0000
__Lsivt                          sivt         000C
__Lspace_0                       (abs)        0000
__Lspace_1                       (abs)        0000
__Lspace_2                       (abs)        0000
__Lspace_3                       (abs)        0000
__Lspace_4                       (abs)        0000
__Lstack                         stack        0000
__Lstrings                       strings      0000
__Lstringtext                    stringtext   0000
__Ltext                          text         0000
__S0                             (abs)        1800
__S1                             (abs)        00C6
__S3                             (abs)        0000
__Umul8_16                       text12       15B3
__Umul8_16@multiplicand          cstackCOMMON 0072
__Umul8_16@multiplier            cstackBANK0  0024
__Umul8_16@product               cstackBANK0  0020
__Umul8_16@word_mpld             cstackBANK0  0022
___awdiv                         text16       1735
___awdiv@counter                 cstackCOMMON 0076
___awdiv@dividend                cstackCOMMON 0074
___awdiv@divisor                 cstackCOMMON 0072
___awdiv@quotient                cstackCOMMON 0078
___awdiv@sign                    cstackCOMMON 0077
___awmod                         text15       1680
___awmod@counter                 cstackCOMMON 0076
___awmod@dividend                cstackCOMMON 0074
___awmod@divisor                 cstackCOMMON 0072
___awmod@sign                    cstackCOMMON 0077
___bmul                          text14       14F8
___bmul@multiplicand             cstackCOMMON 0072
___bmul@multiplier               cstackCOMMON 0074
___bmul@product                  cstackCOMMON 0073
___fladd                         text10       0DB0
___fladd@a                       cstackCOMMON 0076
___fladd@aexp                    cstackBANK0  0029
___fladd@b                       cstackCOMMON 0072
___fladd@bexp                    cstackBANK0  002A
___fladd@grs                     cstackBANK0  002B
___fladd@signs                   cstackBANK0  0028
___flge                          text13       09C9
___flge@ff1                      cstackBANK0  0048
___flge@ff2                      cstackBANK0  004C
___flmul                         text11       0404
___flmul@a                       cstackBANK0  002A
___flmul@aexp                    cstackBANK0  0034
___flmul@b                       cstackBANK0  0026
___flmul@bexp                    cstackBANK0  0039
___flmul@grs                     cstackBANK0  0035
___flmul@prod                    cstackBANK0  003A
___flmul@sign                    cstackBANK0  0033
___flmul@temp                    cstackBANK0  003E
___flsub                         text9        158F
___flsub@a                       cstackBANK0  0040
___flsub@b                       cstackBANK0  0044
___fltol                         text8        08B3
___fltol@exp1                    cstackBANK0  0049
___fltol@f1                      cstackBANK0  0040
___fltol@sign1                   cstackBANK0  0048
___heap_hi                       (abs)        0000
___heap_lo                       (abs)        0000
___int_sp                        stack        0000
___int_stack_hi                  stack        0000
___int_stack_lo                  stack        0000
___latbits                       (abs)        0002
___sp                            stack        0000
___stack_hi                      stack        0000
___stack_lo                      stack        0000
___stackhi                       (abs)        0000
___stacklo                       (abs)        0000
___xxtofl                        text7        0746
___xxtofl@arg                    cstackBANK0  0022
___xxtofl@exp                    cstackBANK0  0021
___xxtofl@sign                   cstackBANK0  0020
___xxtofl@val                    cstackCOMMON 0072
__end_of__Umul8_16               text12       15DC
__end_of___awdiv                 text16       1798
__end_of___awmod                 text15       16D7
__end_of___bmul                  text14       150B
__end_of___fladd                 text10       1000
__end_of___flge                  text13       0A6D
__end_of___flmul                 text11       0746
__end_of___flsub                 text9        15B3
__end_of___fltol                 text8        0929
__end_of___xxtofl                text7        07FC
__end_of__initialization         cinit        0042
__end_of__stringtab              strings      0812
__end_of_clcd_print              text20       0845
__end_of_clcd_putch              text19       1533
__end_of_clcd_write              text26       156D
__end_of_clear_screen            text6        14F8
__end_of_door_status_check       text5        1735
__end_of_init_clcd               text24       14E7
__end_of_init_config             text21       154D
__end_of_init_digital_keypad     text23       14D3
__end_of_init_display_controller text25       1680
__end_of_init_timer2             text22       14DC
__end_of_isr                     text27       1629
__end_of_main                    maintext     0B6A
__end_of_power_on_screen         text18       1800
__end_of_read_digital_keypad     text17       08B3
__end_of_run_program             text4        0404
__end_of_set_time                text3        0DB0
__end_of_washing_program_display text2        0C6F
__end_of_water_level_screen      text1        09C9
__initialization                 cinit        000F
__pbssBANK0                      bssBANK0     0064
__pbssBANK1                      bssBANK1     00C2
__pbssCOMMON                     bssCOMMON    007A
__pcstackBANK0                   cstackBANK0  0020
__pcstackCOMMON                  cstackCOMMON 0070
__pdataBANK0                     dataBANK0    006D
__pdataBANK1                     dataBANK1    00A0
__pdataCOMMON                    dataCOMMON   007B
__pidataBANK0                    idataBANK0   07FC
__pidataBANK1                    idataBANK1   156D
__pidataCOMMON                   idataCOMMON  07FF
__pintentry                      intentry     0004
__pmaintext                      maintext     0A6D
__pstrings                       strings      0800
__pstringtext                    stringtext   1000
__ptext1                         text1        0929
__ptext10                        text10       0DB0
__ptext11                        text11       0404
__ptext12                        text12       15B3
__ptext13                        text13       09C9
__ptext14                        text14       14F8
__ptext15                        text15       1680
__ptext16                        text16       1735
__ptext17                        text17       0845
__ptext18                        text18       1798
__ptext19                        text19       151E
__ptext2                         text2        0B6A
__ptext20                        text20       0812
__ptext21                        text21       1533
__ptext22                        text22       14D3
__ptext23                        text23       14CD
__ptext24                        text24       14DC
__ptext25                        text25       1629
__ptext26                        text26       154D
__ptext27                        text27       15DC
__ptext3                         text3        0C6F
__ptext4                         text4        0046
__ptext5                         text5        16D7
__ptext6                         text6        14E7
__ptext7                         text7        0746
__ptext8                         text8        08B3
__ptext9                         text9        158F
__stringbase                     strings      0812
__stringtab                      strings      0800
_clcd_print                      text20       0812
_clcd_putch                      text19       151E
_clcd_write                      text26       154D
_clear_screen                    text6        14E7
_door_status_check               text5        16D7
_init_clcd                       text24       14DC
_init_config                     text21       1533
_init_digital_keypad             text23       14CD
_init_display_controller         text25       1629
_init_timer2                     text22       14D3
_isr                             text27       15DC
_level                           bssCOMMON    007A
_main                            maintext     0A6D
_min                             bssBANK0     0069
_operational_mode                dataBANK0    006E
_power_on_screen                 text18       1798
_program_no                      bssBANK0     006B
_read_digital_keypad             text17       0845
_reset_flag                      dataBANK0    006D
_rinse_time                      bssBANK0     0066
_run_program                     text4        0046
_sec                             bssBANK0     006A
_set_time                        text3        0C6F
_spin_time                       bssBANK0     0065
_time                            bssBANK0     0064
_total_time                      bssBANK0     0068
_wash_time                       bssBANK0     0067
_washing_program                 dataBANK1    00A0
_washing_program_display         text2        0B6A
_water_level                     dataBANK1    00B8
_water_level_screen              text1        0929
btemp                            (abs)        007E
clcd_print@addr                  cstackBANK0  0022
clcd_print@str                   cstackBANK0  0020
clcd_putch@addr                  cstackBANK0  0020
clcd_putch@data                  cstackBANK0  0021
clcd_write@byte                  cstackCOMMON 0075
clcd_write@mode                  cstackCOMMON 0072
end_of_initialization            cinit        0042
init_fetch0                      inittext     150B
init_ram0                        inittext     150F
interrupt_function               intentry     0004
intlevel0                        functab      0000
intlevel1                        functab      0000
intlevel2                        functab      0000
intlevel3                        functab      0000
intlevel4                        functab      0000
intlevel5                        functab      0000
isr@count                        bssBANK1     00C2
main@delay                       cstackBANK0  0061
main@key                         cstackBANK0  0063
power_on_screen@i                cstackBANK0  0026
power_on_screen@i_172            cstackBANK0  0027
read_digital_keypad@key          cstackCOMMON 0074
read_digital_keypad@long_press   dataBANK0    006F
read_digital_keypad@mode         cstackCOMMON 0073
read_digital_keypad@once         dataCOMMON   007B
read_digital_keypad@pre_key      bssBANK0     006C
reset_vec                        reset_vec    0000
run_program@key                  cstackBANK0  0060
saved_w                          (abs)        007E
start                            init         000C
start_initialization             cinit        000F
washing_program_display@key      cstackBANK0  0025
water_level_screen@key           cstackBANK0  0023
wtemp0                           (abs)        007E


MODULE INFORMATION

Module		Function		Class		Link	Load	Size
C:\Program Files\Microchip\xc8\v3.00\pic\sources\c99\common\flge.c
		___flge        		CODE           	09C9	0000	164

C:\Program Files\Microchip\xc8\v3.00\pic\sources\c99\common\flge.c estimated size: 164

timers.c
		_init_timer2   		CODE           	14D3	0000	9

timers.c estimated size: 9

digital_keypad.c
		_init_digital_keypad		CODE           	14CD	0000	6
		_read_digital_keypad		CODE           	0845	0000	110

digital_keypad.c estimated size: 116

C:\Program Files\Microchip\xc8\v3.00\pic\sources\c99\common\awmod.c
		___awmod       		CODE           	1680	0000	87

C:\Program Files\Microchip\xc8\v3.00\pic\sources\c99\common\awmod.c estimated size: 87

C:\Program Files\Microchip\xc8\v3.00\pic\sources\c99\common\sprcmul.c
		___flmul       		CODE           	0404	0000	834

C:\Program Files\Microchip\xc8\v3.00\pic\sources\c99\common\sprcmul.c estimated size: 834

washing_machine_function_def.c
		_door_status_check		CODE           	16D7	0000	94
		_washing_program_display		CODE           	0B6A	0000	261
		_water_level_screen		CODE           	0929	0000	160
		_run_program   		CODE           	0046	0000	958
		_clear_screen  		CODE           	14E7	0000	17
		_power_on_screen		CODE           	1798	0000	104
		_set_time      		CODE           	0C6F	0000	321

washing_machine_function_def.c estimated size: 1915

shared
		__stringtab    		STRING         	0800	0000	18
		__initialization		CODE           	000F	0000	51

shared estimated size: 69

clcd.c
		_clcd_write    		CODE           	154D	0000	32
		_clcd_print    		CODE           	0812	0000	51
		_clcd_putch    		CODE           	151E	0000	21
		_init_display_controller		CODE           	1629	0000	87
		_init_clcd     		CODE           	14DC	0000	11

clcd.c estimated size: 202

C:\Program Files\Microchip\xc8\v3.00\pic\sources\c99\common\xxtofl.c
		___xxtofl      		CODE           	0746	0000	182

C:\Program Files\Microchip\xc8\v3.00\pic\sources\c99\common\xxtofl.c estimated size: 182

isr_1.c
		_isr           		CODE           	15DC	0000	77

isr_1.c estimated size: 77

C:\Program Files\Microchip\xc8\v3.00\pic\sources\c99\common\awdiv.c
		___awdiv       		CODE           	1735	0000	99

C:\Program Files\Microchip\xc8\v3.00\pic\sources\c99\common\awdiv.c estimated size: 99

C:\Program Files\Microchip\xc8\v3.00\pic\sources\c99\common\fltol.c
		___fltol       		CODE           	08B3	0000	118

C:\Program Files\Microchip\xc8\v3.00\pic\sources\c99\common\fltol.c estimated size: 118

main.c
		_main          		CODE           	0A6D	0000	253
		_init_config   		CODE           	1533	0000	26

main.c estimated size: 279

C:\Program Files\Microchip\xc8\v3.00\pic\sources\c99\common\sprcadd.c
		___flsub       		CODE           	158F	0000	36
		___fladd       		CODE           	0DB0	0000	592

C:\Program Files\Microchip\xc8\v3.00\pic\sources\c99\common\sprcadd.c estimated size: 628

C:\Program Files\Microchip\xc8\v3.00\pic\sources\c99\common\Umul8.c
		___bmul        		CODE           	14F8	0000	19

C:\Program Files\Microchip\xc8\v3.00\pic\sources\c99\common\Umul8.c estimated size: 19

C:\Program Files\Microchip\xc8\v3.00\pic\sources\c99\common\Umul8_16.c
		__Umul8_16     		CODE           	15B3	0000	41

C:\Program Files\Microchip\xc8\v3.00\pic\sources\c99\common\Umul8_16.c estimated size: 41

